Flutter 3.29.3 • channel stable • https://github.com/flutter/flutter.git
Framework • revision ea121f8859 (1 year, 6 months ago) • 2025-04-11 19:10:07 +0000
Engine • revision cf56914b32
Tools • Dart 3.7.2 • DevTools 2.42.3

  ╔════════════════════════════════════════════════════════════════════════════╗
  ║                 Welcome to Flutter! - https://flutter.dev                  ║
  ║                                                                            ║
  ║ The Flutter tool uses Google Analytics to anonymously report feature usage ║
  ║ statistics and basic crash reports. This data is used to help improve      ║
  ║ Flutter tools over time.                                                   ║
  ║                                                                            ║
  ║ Flutter tool analytics are not sent on the very first run. To disable      ║
  ║ reporting, type 'flutter config --no-analytics'. To display the current    ║
  ║ setting, type 'flutter config'. If you opt out of analytics, an opt-out    ║
  ║ event will be sent, and then no further information will be sent by the    ║
  ║ Flutter tool.                                                              ║
  ║                                                                            ║
  ║ By downloading the Flutter SDK, you agree to the Google Terms of Service.  ║
  ║ The Google Privacy Policy describes how data is handled in this service.   ║
  ║                                                                            ║
  ║ Moreover, Flutter includes the Dart SDK, which may send usage metrics and  ║
  ║ crash reports to Google.                                                   ║
  ║                                                                            ║
  ║ Read about data we send with crash reports:                                ║
  ║ https://flutter.dev/to/crash-reporting                                     ║
  ║                                                                            ║
  ║ See Google's privacy policy:                                               ║
  ║ https://policies.google.com/privacy                                        ║
  ║                                                                            ║
  ║ To disable animations in this tool, use                                    ║
  ║ 'flutter config --no-cli-animations'.                                      ║
  ╚════════════════════════════════════════════════════════════════════════════╝

Resolving dependencies...
Downloading packages...
+ archive 4.3.0
+ args 2.7.0
+ async 2.12.0 (2.13.1 available)
+ audioplayers 6.6.0 (6.8.1 available)
+ audioplayers_android 5.2.1 (5.3.0 available)
+ audioplayers_darwin 6.4.0 (6.5.0 available)
+ audioplayers_linux 4.2.1 (4.3.0 available)
+ audioplayers_platform_interface 7.1.1 (7.2.0 available)
+ audioplayers_web 5.2.0 (5.3.0 available)
+ audioplayers_windows 4.3.0 (4.4.1 available)
+ boolean_selector 2.1.2
+ characters 1.4.0 (1.4.1 available)
+ clock 1.1.2 (1.1.3 available)
+ collection 1.19.1
+ cross_file 0.3.5 (0.4.0 available)
+ crypto 3.0.7
+ dart_earcut 1.2.0
+ dart_polylabel2 1.0.0
+ dbus 0.7.12 (0.8.0 available)
+ fake_async 1.3.2 (1.3.3 available)
+ ffi 2.2.0
+ file 7.0.1
+ file_selector_linux 0.9.3+2 (0.9.4+1 available)
+ file_selector_macos 0.9.4+4 (0.9.5+1 available)
+ file_selector_platform_interface 2.7.0
+ file_selector_windows 0.9.3+4 (0.9.3+6 available)
+ fixnum 1.1.1
+ flutter 0.0.0 from sdk flutter
+ flutter_lints 5.0.0 (6.0.0 available)
+ flutter_localizations 0.0.0 from sdk flutter
+ flutter_map 8.3.2
+ flutter_plugin_android_lifecycle 2.0.31 (2.0.35 available)
+ flutter_test 0.0.0 from sdk flutter
+ flutter_web_plugins 0.0.0 from sdk flutter
+ geoclue 0.1.1
+ geolocator 14.0.2 (14.1.1 available)
+ geolocator_android 5.1.1+1
+ geolocator_apple 2.3.14
+ geolocator_linux 0.2.4 (0.2.6 available)
+ geolocator_platform_interface 4.4.0
+ geolocator_web 4.1.4
+ geolocator_windows 0.2.5
+ gsettings 0.2.8 (0.2.9 available)
+ http 1.6.0
+ http_parser 4.1.2
+ image_picker 1.2.1 (1.2.4 available)
+ image_picker_android 0.8.13+1 (0.8.13+25 available)
+ image_picker_for_web 3.1.0 (3.1.1 available)
+ image_picker_ios 0.8.13 (0.8.13+10 available)
+ image_picker_linux 0.2.2
+ image_picker_macos 0.2.2 (0.2.2+1 available)
+ image_picker_platform_interface 2.11.1 (2.11.2 available)
+ image_picker_windows 0.2.2
+ intl 0.19.0 (0.20.3 available)
+ latlong2 0.10.1
+ leak_tracker 10.0.8 (11.0.2 available)
+ leak_tracker_flutter_testing 3.0.9 (3.0.10 available)
+ leak_tracker_testing 3.0.1 (3.0.2 available)
+ lints 5.1.1 (6.1.0 available)
+ matcher 0.12.17 (0.12.20 available)
+ material_color_utilities 0.11.1 (0.13.1 available)
+ meta 1.16.0 (1.19.0 available)
+ mgrs_dart 3.0.0
+ mime 2.1.0
+ mobile_scanner 6.0.11 (7.4.2 available)
+ package_info_plus 9.0.1 (10.2.2 available)
+ package_info_plus_platform_interface 3.2.1 (4.1.0 available)
+ path 1.9.1
+ path_provider 2.1.5 (2.1.6 available)
+ path_provider_android 2.2.19 (2.3.1 available)
+ path_provider_foundation 2.4.2 (2.6.0 available)
+ path_provider_linux 2.2.1 (2.2.2 available)
+ path_provider_platform_interface 2.1.2 (2.1.3 available)
+ path_provider_windows 2.3.0
+ petitparser 6.1.0 (7.1.0 available)
+ platform 3.1.6 (3.2.0 available)
+ plugin_platform_interface 2.1.8
+ posix 6.5.2
+ proj4dart 3.0.0
+ qr 3.0.2 (4.0.0 available)
+ qr_flutter 4.1.0
+ share_plus 10.1.4 (13.3.1 available)
+ share_plus_platform_interface 5.0.2 (7.2.0 available)
+ shared_preferences 2.5.3 (2.5.6 available)
+ shared_preferences_android 2.4.13 (2.4.28 available)
+ shared_preferences_foundation 2.5.4 (2.5.7 available)
+ shared_preferences_linux 2.4.1
+ shared_preferences_platform_interface 2.4.1 (2.4.2 available)
+ shared_preferences_web 2.4.3
+ shared_preferences_windows 2.4.1
+ simple_sparse_list 0.1.4
+ sky_engine 0.0.0 from sdk flutter
+ source_span 1.10.1 (1.10.2 available)
+ stack_trace 1.12.1 (1.12.2 available)
+ stream_channel 2.1.4
+ string_scanner 1.4.1
+ synchronized 3.3.1 (3.4.2 available)
+ term_glyph 1.2.2
+ test_api 0.7.4 (0.7.15 available)
+ typed_data 1.4.0
+ unicode 1.1.9
+ url_launcher 6.3.2 (6.3.3 available)
+ url_launcher_android 6.3.20 (6.3.33 available)
+ url_launcher_ios 6.3.4 (6.4.2 available)
+ url_launcher_linux 3.2.1 (3.2.3 available)
+ url_launcher_macos 3.2.3 (3.2.6 available)
+ url_launcher_platform_interface 2.3.2
+ url_launcher_web 2.4.1 (2.4.3 available)
+ url_launcher_windows 3.1.4 (3.1.6 available)
+ uuid 4.6.0
+ vector_math 2.1.4 (2.4.3 available)
+ vm_service 14.3.1 (15.3.0 available)
+ web 1.1.1
+ win32 5.13.0 (6.4.0 available)
+ wkt_parser 2.0.0
+ xdg_directories 1.1.0
+ xml 6.5.0 (7.1.0 available)
Changed 117 dependencies!
67 packages have newer versions incompatible with dependency constraints.
Try `flutter pub outdated` for more information.

Compiling lib/main.dart for the Web...                          
Expected to find fonts for (MaterialIcons, packages/cupertino_icons/CupertinoIcons), but found (MaterialIcons). This usually means you are referring to font families in an IconData class but not including them in the assets section of your pubspec.yaml, are missing the package that would include them, or are missing "uses-material-design: true".
Font asset "MaterialIcons-Regular.otf" was tree-shaken, reducing it from 1645184 to 28492 bytes (98.3% reduction). Tree-shaking can be disabled by providing the --no-tree-shake-icons flag when building your app.
Compiling lib/main.dart for the Web...                             46.7s
✓ Built build/web
